src/models/project.model.ts(37,24): error TS2790: The operand of a 'delete' operator must be optional.
src/models/user.model.ts(98,5): error TS2349: This expression is not callable.
  Type 'SaveOptions' has no call signatures.
